// Jest Snapshot v1, https://goo.gl/fbAQLP

exports[`<Counter /> rendering follows the snapshot 1`] = `
<h2>
  There are 
   items in the list
</h2>
`;
