// Jest Snapshot v1, https://goo.gl/fbAQLP

exports[`<Form /> rendering follows the snapshot 1`] = `
<form
  onSubmit={[Function]}
>
  <input
    onChange={[Function]}
    placeholder="Add To Do List Item"
  />
</form>
`;
